// Jest Snapshot v1, https://goo.gl/fbAQLP

exports[`Main Renders Main without crashing 1`] = `
ShallowWrapper {
  Symbol(enzyme.__root__): [Circular],
  Symbol(enzyme.__unrendered__): <Main
    API_KEY="AIzaSyC3ni21fos0ZbHdjOxCjXAEJBgyH4T1eo4"
    getVideos={[Function]}
/>,
  Symbol(enzyme.__renderer__): Object {
    "batchedUpdates": [Function],
    "getNode": [Function],
    "render": [Function],
    "simulateEvent": [Function],
    "unmount": [Function],
  },
  Symbol(enzyme.__node__): Object {
    "instance": null,
    "key": undefined,
    "nodeType": "host",
    "props": Object {
      "children": Array [
        <h1>
          Main Component
</h1>,
        <Searchbar
          API_KEY="AIzaSyC3ni21fos0ZbHdjOxCjXAEJBgyH4T1eo4"
          getVideos={[Function]}
/>,
      ],
      "className": "Main",
    },
    "ref": null,
    "rendered": Array [
      Object {
        "instance": null,
        "key": undefined,
        "nodeType": "host",
        "props": Object {
          "children": "Main Component",
        },
        "ref": null,
        "rendered": "Main Component",
        "type": "h1",
      },
      Object {
        "instance": null,
        "key": undefined,
        "nodeType": "class",
        "props": Object {
          "API_KEY": "AIzaSyC3ni21fos0ZbHdjOxCjXAEJBgyH4T1eo4",
          "getVideos": [Function],
        },
        "ref": null,
        "rendered": null,
        "type": [Function],
      },
    ],
    "type": "div",
  },
  Symbol(enzyme.__nodes__): Array [
    Object {
      "instance": null,
      "key": undefined,
      "nodeType": "host",
      "props": Object {
        "children": Array [
          <h1>
            Main Component
</h1>,
          <Searchbar
            API_KEY="AIzaSyC3ni21fos0ZbHdjOxCjXAEJBgyH4T1eo4"
            getVideos={[Function]}
/>,
        ],
        "className": "Main",
      },
      "ref": null,
      "rendered": Array [
        Object {
          "instance": null,
          "key": undefined,
          "nodeType": "host",
          "props": Object {
            "children": "Main Component",
          },
          "ref": null,
          "rendered": "Main Component",
          "type": "h1",
        },
        Object {
          "instance": null,
          "key": undefined,
          "nodeType": "class",
          "props": Object {
            "API_KEY": "AIzaSyC3ni21fos0ZbHdjOxCjXAEJBgyH4T1eo4",
            "getVideos": [Function],
          },
          "ref": null,
          "rendered": null,
          "type": [Function],
        },
      ],
      "type": "div",
    },
  ],
  Symbol(enzyme.__options__): Object {
    "adapter": ReactSixteenAdapter {
      "options": Object {
        "enableComponentDidUpdateOnSetState": true,
        "lifecycles": Object {
          "componentDidUpdate": Object {
            "onSetState": true,
          },
          "getSnapshotBeforeUpdate": true,
        },
      },
    },
    "attachTo": undefined,
    "hydrateIn": undefined,
  },
}
`;
